GASLESS INFRASTRUCTURE TEST RESULTS
===================================

Date: Tue Sep 30 18:27:44 CST 2025
Total Tests: 11
Passed Tests: 8
Failed Tests: 3
Pass Rate: 72.7%

Status: SIGNIFICANT ISSUES

Next Steps:
- Check logs for errors: tail -f logs/[service].log
